******************************************************************************
                  TI ARM Linker PC v20.2.7                     
******************************************************************************
>> Linked Mon Feb  5 11:38:51 2024

OUTPUT FILE NAME:   <driving_tiva.out>
ENTRY POINT SYMBOL: "_c_int00_noargs"  address: 00000c99


MEMORY CONFIGURATION

         name            origin    length      used     unused   attr    fill
----------------------  --------  ---------  --------  --------  ----  --------
  FLASH                 00000000   00040000  00000ed8  0003f128  R  X
  SRAM                  20000000   00008000  000004ac  00007b54  RW X


SEGMENT ALLOCATION MAP

run origin  load origin   length   init length attrs members
----------  ----------- ---------- ----------- ----- -------
00000000    00000000    00000ed8   00000ed8    r-x
  00000000    00000000    0000026c   0000026c    r-- .intvecs
  0000026c    0000026c    00000b74   00000b74    r-x .text
  00000de0    00000de0    000000b0   000000b0    r-- .const
  00000e90    00000e90    00000048   00000048    r-- .cinit
20000000    20000000    000004b0   00000000    rw-
  20000000    20000000    0000026c   00000000    rw- .vtable
  20000270    20000270    00000200   00000000    rw- .stack
  20000470    20000470    00000040   00000000    rw- .data


SECTION ALLOCATION MAP

 output                                  attributes/
section   page    origin      length       input sections
--------  ----  ----------  ----------   ----------------
.intvecs   0    00000000    0000026c     
                  00000000    0000026c     tm4c123gh6pm_startup_ccs.obj (.intvecs)

.text      0    0000026c    00000b74     
                  0000026c    000001dc     Pin.obj (.text)
                  00000448    0000016c     driverlib.lib : gpio.obj (.text:GPIOPadConfigSet)
                  000005b4    00000136     rtsv7M4_T_le_v4SPD16_eabi.lib : fd_div_t2.asm.obj (.text)
                  000006ea    00000002     --HOLE-- [fill = 0]
                  000006ec    000000f4     driverlib.lib : sysctl.obj (.text:SysCtlClockSet)
                  000007e0    000000cc     appication.obj (.text)
                  000008ac    000000c8     gpio_interrupt.obj (.text)
                  00000974    0000009c     rtsv7M4_T_le_v4SPD16_eabi.lib : memcpy_t2.asm.obj (.text)
                  00000a10    00000068     driverlib.lib : interrupt.obj (.text:IntEnable)
                  00000a78    00000068     rtsv7M4_T_le_v4SPD16_eabi.lib : copy_decompress_lzss.c.obj (.text:decompress:lzss:__TI_decompress_lzss)
                  00000ae0    00000058     driverlib.lib : gpio.obj (.text:GPIOIntTypeSet)
                  00000b38    00000044     rtsv7M4_T_le_v4SPD16_eabi.lib : autoinit.c.obj (.text:__TI_auto_init_nobinit_nopinit:__TI_auto_init_nobinit_nopinit)
                  00000b7c    00000044                                   : fd_tou_t2.asm.obj (.text)
                  00000bc0    00000038     driverlib.lib : sysctl.obj (.text:SysCtlPeripheralReady)
                  00000bf8    00000038     rtsv7M4_T_le_v4SPD16_eabi.lib : fs_tod_t2.asm.obj (.text)
                  00000c30    00000034     driverlib.lib : interrupt.obj (.text:IntRegister)
                  00000c64    00000034                   : sysctl.obj (.text:SysCtlPeripheralEnable)
                  00000c98    00000034     rtsv7M4_T_le_v4SPD16_eabi.lib : boot_cortex_m.c.obj (.text:_c_int00_noargs:_c_int00_noargs)
                  00000ccc    0000002c     driverlib.lib : gpio.obj (.text:GPIODirModeSet)
                  00000cf8    00000024                   : interrupt.obj (.text:IntPrioritySet)
                  00000d1c    0000001c                   : sysctl.obj (.text:SysCtlGPIOAHBEnable)
                  00000d38    0000001c     rtsv7M4_T_le_v4SPD16_eabi.lib : copy_zero_init.c.obj (.text:decompress:ZI:__TI_zero_init_nomemset:__TI_zero_init_nomemset)
                  00000d54    00000010     driverlib.lib : interrupt.obj (.text:IntMasterDisable)
                  00000d64    00000010                   : interrupt.obj (.text:IntMasterEnable)
                  00000d74    0000000e                   : gpio.obj (.text:GPIOIntStatus)
                  00000d82    0000000e     rtsv7M4_T_le_v4SPD16_eabi.lib : copy_decompress_none.c.obj (.text:decompress:none:__TI_decompress_none)
                  00000d90    0000000c     driverlib.lib : cpu.obj (.text:CPUcpsid)
                  00000d9c    0000000c                   : cpu.obj (.text:CPUcpsie)
                  00000da8    0000000c                   : gpio.obj (.text:GPIOIntEnable)
                  00000db4    0000000c     tm4c123gh6pm_startup_ccs.obj (.text)
                  00000dc0    00000006     driverlib.lib : gpio.obj (.text:GPIOIntClear)
                  00000dc6    00000006                   : gpio.obj (.text:GPIOPinRead)
                  00000dcc    00000006                   : gpio.obj (.text:GPIOPinWrite)
                  00000dd2    00000006                   : sysctl.obj (.text:SysCtlDelay)
                  00000dd8    00000004     rtsv7M4_T_le_v4SPD16_eabi.lib : pre_init.c.obj (.text:_system_pre_init)
                  00000ddc    00000004                                   : exit.c.obj (.text:abort:abort)

.const     0    00000de0    000000b0     
                  00000de0    0000009c     driverlib.lib : interrupt.obj (.const:g_pui32Regs)
                  00000e7c    00000014                   : interrupt.obj (.const:g_pui32EnRegs)

.cinit     0    00000e90    00000048     
                  00000e90    00000022     (.cinit..data.load) [load image, compression = lzss]
                  00000eb2    00000002     --HOLE-- [fill = 0]
                  00000eb4    0000000c     (__TI_handler_table)
                  00000ec0    00000008     (.cinit..vtable.load) [load image, compression = zero_init]
                  00000ec8    00000010     (__TI_cinit_table)

.init_array 
*          0    00000000    00000000     UNINITIALIZED

.vtable    0    20000000    0000026c     UNINITIALIZED
                  20000000    0000026c     driverlib.lib : interrupt.obj (.vtable)

.data      0    20000470    00000040     UNINITIALIZED
                  20000470    00000020     appication.obj (.data:SW1)
                  20000490    00000020     appication.obj (.data:green_led)

.stack     0    20000270    00000200     UNINITIALIZED
                  20000270    00000004     rtsv7M4_T_le_v4SPD16_eabi.lib : boot_cortex_m.c.obj (.stack)
                  20000274    000001fc     --HOLE--

__llvm_prf_cnts 
*          0    20000000    00000000     UNINITIALIZED

MODULE SUMMARY

       Module                         code   ro data   rw data
       ------                         ----   -------   -------
    .\
       tm4c123gh6pm_startup_ccs.obj   12     620       0      
       Pin.obj                        476    0         0      
       appication.obj                 204    0         64     
       gpio_interrupt.obj             200    0         0      
    +--+------------------------------+------+---------+---------+
       Total:                         892    620       64     
                                                              
    C:/ti/TivaWare_C_Series-2.2.0.295/driverlib/ccs/Debug/driverlib.lib
       interrupt.obj                  224    176       620    
       gpio.obj                       540    0         0      
       sysctl.obj                     386    0         0      
       cpu.obj                        24     0         0      
    +--+------------------------------+------+---------+---------+
       Total:                         1174   176       620    
                                                              
    C:\ti\ccs1250\ccs\tools\compiler\ti-cgt-arm_20.2.7.LTS\lib\rtsv7M4_T_le_v4SPD16_eabi.lib
       fd_div_t2.asm.obj              310    0         0      
       memcpy_t2.asm.obj              156    0         0      
       copy_decompress_lzss.c.obj     104    0         0      
       autoinit.c.obj                 68     0         0      
       fd_tou_t2.asm.obj              68     0         0      
       fs_tod_t2.asm.obj              56     0         0      
       boot_cortex_m.c.obj            52     0         0      
       copy_zero_init.c.obj           28     0         0      
       copy_decompress_none.c.obj     14     0         0      
       exit.c.obj                     4      0         0      
       pre_init.c.obj                 4      0         0      
    +--+------------------------------+------+---------+---------+
       Total:                         864    0         0      
                                                              
       Stack:                         0      0         512    
       Linker Generated:              0      70        0      
    +--+------------------------------+------+---------+---------+
       Grand Total:                   2930   866       1196   


LINKER GENERATED COPY TABLES

__TI_cinit_table @ 00000ec8 records: 2, size/record: 8, table size: 16
	.data: load addr=00000e90, load size=00000022 bytes, run addr=20000470, run size=00000040 bytes, compression=lzss
	.vtable: load addr=00000ec0, load size=00000008 bytes, run addr=20000000, run size=0000026c bytes, compression=zero_init


LINKER GENERATED HANDLER TABLE

__TI_handler_table @ 00000eb4 records: 3, size/record: 4, table size: 12
	index: 0, handler: __TI_zero_init
	index: 1, handler: __TI_decompress_lzss
	index: 2, handler: __TI_decompress_none


GLOBAL SYMBOLS: SORTED ALPHABETICALLY BY Name 

address   name                          
-------   ----                          
00000ddd  C$$EXIT                       
00000d91  CPUcpsid                      
00000d9d  CPUcpsie                      
00000811  DelayMS                       
00000ccd  GPIODirModeSet                
00000dc1  GPIOIntClear                  
00000da9  GPIOIntEnable                 
00000d75  GPIOIntStatus                 
00000ae1  GPIOIntTypeSet                
00000449  GPIOPadConfigSet              
00000dc7  GPIOPinRead                   
00000dcd  GPIOPinWrite                  
00000a11  IntEnable                     
00000d55  IntMasterDisable              
00000d65  IntMasterEnable               
00000cf9  IntPrioritySet                
00000c31  IntRegister                   
000008ad  Pin_INT_Config                
0000026d  Pin_Init                      
000003cf  Pin_Toggle                    
0000032f  Pin_Write                     
0000039b  Pin_read_value                
00000843  Portx_INT_Handler             
00000db5  ResetISR                      
20000470  SW1                           
000006ed  SysCtlClockSet                
00000dd3  SysCtlDelay                   
00000d1d  SysCtlGPIOAHBEnable           
00000c65  SysCtlPeripheralEnable        
00000bc1  SysCtlPeripheralReady         
20000470  __STACK_END                   
00000200  __STACK_SIZE                  
20000470  __STACK_TOP                   
00000ec8  __TI_CINIT_Base               
00000ed8  __TI_CINIT_Limit              
00000eb4  __TI_Handler_Table_Base       
00000ec0  __TI_Handler_Table_Limit      
00000b39  __TI_auto_init_nobinit_nopinit
00000a79  __TI_decompress_lzss          
00000d83  __TI_decompress_none          
ffffffff  __TI_pprof_out_hndl           
ffffffff  __TI_prof_data_size           
ffffffff  __TI_prof_data_start          
00000000  __TI_static_base__            
00000d39  __TI_zero_init_nomemset       
00000b7d  __aeabi_d2uiz                 
000005b5  __aeabi_ddiv                  
00000bf9  __aeabi_f2d                   
00000975  __aeabi_memcpy                
00000975  __aeabi_memcpy4               
00000975  __aeabi_memcpy8               
ffffffff  __binit__                     
ffffffff  __c_args__                    
UNDEFED   __mpu_init                    
20000270  __stack                       
20000000  __start___llvm_prf_cnts       
20000000  __stop___llvm_prf_cnts        
00000c99  _c_int00_noargs               
UNDEFED   _system_post_cinit            
00000dd9  _system_pre_init              
00000ddd  abort                         
ffffffff  binit                         
20000000  g_pfnRAMVectors               
00000000  g_pfnVectors                  
20000490  green_led                     
000007e1  main                          
00000975  memcpy                        


GLOBAL SYMBOLS: SORTED BY Symbol Address 

address   name                          
-------   ----                          
00000000  __TI_static_base__            
00000000  g_pfnVectors                  
00000200  __STACK_SIZE                  
0000026d  Pin_Init                      
0000032f  Pin_Write                     
0000039b  Pin_read_value                
000003cf  Pin_Toggle                    
00000449  GPIOPadConfigSet              
000005b5  __aeabi_ddiv                  
000006ed  SysCtlClockSet                
000007e1  main                          
00000811  DelayMS                       
00000843  Portx_INT_Handler             
000008ad  Pin_INT_Config                
00000975  __aeabi_memcpy                
00000975  __aeabi_memcpy4               
00000975  __aeabi_memcpy8               
00000975  memcpy                        
00000a11  IntEnable                     
00000a79  __TI_decompress_lzss          
00000ae1  GPIOIntTypeSet                
00000b39  __TI_auto_init_nobinit_nopinit
00000b7d  __aeabi_d2uiz                 
00000bc1  SysCtlPeripheralReady         
00000bf9  __aeabi_f2d                   
00000c31  IntRegister                   
00000c65  SysCtlPeripheralEnable        
00000c99  _c_int00_noargs               
00000ccd  GPIODirModeSet                
00000cf9  IntPrioritySet                
00000d1d  SysCtlGPIOAHBEnable           
00000d39  __TI_zero_init_nomemset       
00000d55  IntMasterDisable              
00000d65  IntMasterEnable               
00000d75  GPIOIntStatus                 
00000d83  __TI_decompress_none          
00000d91  CPUcpsid                      
00000d9d  CPUcpsie                      
00000da9  GPIOIntEnable                 
00000db5  ResetISR                      
00000dc1  GPIOIntClear                  
00000dc7  GPIOPinRead                   
00000dcd  GPIOPinWrite                  
00000dd3  SysCtlDelay                   
00000dd9  _system_pre_init              
00000ddd  C$$EXIT                       
00000ddd  abort                         
00000eb4  __TI_Handler_Table_Base       
00000ec0  __TI_Handler_Table_Limit      
00000ec8  __TI_CINIT_Base               
00000ed8  __TI_CINIT_Limit              
20000000  __start___llvm_prf_cnts       
20000000  __stop___llvm_prf_cnts        
20000000  g_pfnRAMVectors               
20000270  __stack                       
20000470  SW1                           
20000470  __STACK_END                   
20000470  __STACK_TOP                   
20000490  green_led                     
ffffffff  __TI_pprof_out_hndl           
ffffffff  __TI_prof_data_size           
ffffffff  __TI_prof_data_start          
ffffffff  __binit__                     
ffffffff  __c_args__                    
ffffffff  binit                         
UNDEFED   __mpu_init                    
UNDEFED   _system_post_cinit            

[67 symbols]
